---
source: crates/scrald-core/tests/snapshots.rs
expression: describe(&doc)
input_file: crates/scrald-core/tests/fixtures/gfm-basics.md
---
bom: false  line_ending: Lf  words: 50  features: FeatureFlags { has_math: false, has_mermaid: false, has_code: true }
toc: GFM Basics #gfm-basics (block 0)
toc:   Setext Heading #setext-heading (block 2)
section 0: heading=Some(0) level=1 blocks=0..2
section 1: heading=Some(2) level=2 blocks=2..12

--- block 0 Heading { level: 1 } @0..12 section=0
<h1 id="gfm-basics">GFM Basics</h1>

--- block 1 Paragraph @14..139 section=0
<p>Plain paragraph with <em>emphasis</em>, <strong>strong</strong>, <del>strikethrough</del>, and <code>inline code</code>.
A soft line break continues the paragraph.</p>

--- block 2 Heading { level: 2 } @141..170 section=1
<h2 id="setext-heading">Setext Heading</h2>

--- block 3 List { ordered: false } @172..288 section=1
<ul>
<li>Unordered item</li>
<li>Item with a <a href="https://example.com" title="Example" rel="noopener noreferrer">link</a>
<ul>
<li>Nested item</li>
</ul>
</li>
<li>Autolink: <a href="https://example.org" rel="noopener noreferrer">https://example.org</a></li>
</ul>

--- block 4 List { ordered: true } @290..308 section=1
<ol>
<li>First</li>
<li>Second</li>
</ol>

--- block 5 List { ordered: false } @310..341 section=1
<ul>
<li><input type="checkbox" disabled=""> Open task</li>
<li><input type="checkbox" checked="" disabled=""> Done task</li>
</ul>

--- block 6 BlockQuote @343..380 section=1
<blockquote>
<p>A block quote
spanning two lines.</p>
</blockquote>

--- block 7 ThematicBreak @382..385 section=1
<hr>

--- block 8 CodeBlock { language: Some("rust") } @387..435 section=1
<pre><code class="language-rust">fn main() {
    println!("skål");
}
</code></pre>

--- block 9 CodeBlock { language: None } @437..460 section=1
<pre><code>indented code block
</code></pre>

--- block 10 Paragraph @462..494 section=1
<p>Hard line break here<br>
and after.</p>

--- block 11 Paragraph @496..537 section=1
<p><span class="sk-image-placeholder sk-image-missing" title="Image not found: images/fjord.png
Tried:
images/fjord.png">Alt text</span></p>
