---
source: crates/scrald-core/tests/snapshots.rs
expression: describe(&doc)
input_file: crates/scrald-core/tests/fixtures/reference-links.md
---
bom: false  line_ending: Lf  words: 9  features: FeatureFlags { has_math: false, has_mermaid: false, has_code: false }
toc: Reference links #reference-links (block 0)
section 0: heading=Some(0) level=1 blocks=0..3

--- block 0 Heading { level: 1 } @0..17 section=0
<h1 id="reference-links">Reference links</h1>

--- block 1 Paragraph @19..56 section=0
<p>See <a href="https://example.com/docs" title="Docs" rel="noopener noreferrer">the docs</a> and <a href="https://example.com/another" rel="noopener noreferrer">another</a>.</p>

--- block 2 Paragraph @138..154 section=0
<p>Final paragraph.</p>
